../Core/Src/main.c:144:9:MPU6050_Init	40	static
../Core/Src/main.c:177:6:MPU6050_Read_Accel	40	static
../Core/Src/main.c:199:6:MPU6050_Read_Gyro	40	static
../Core/Src/main.c:220:6:MPU6050_Read_Temp	40	static
../Core/Src/main.c:233:8:Kalman_getAngle	104	static
../Core/Src/main.c:262:6:MPU6050_Read_All	112	static
../Core/Src/main.c:310:6:printMessages	112	static
../Core/Src/main.c:330:5:main	224	static
../Core/Src/main.c:399:6:SystemClock_Config	96	static
../Core/Src/main.c:450:13:MX_I2C3_Init	8	static
../Core/Src/main.c:498:13:MX_USART3_UART_Init	8	static
../Core/Src/main.c:533:13:MX_GPIO_Init	40	static
../Core/Src/main.c:571:6:Error_Handler	4	static,ignoring_inline_asm
